2026-04-15 18:46:31,519 | INFO | v2_disaster_pipeline | Running v2 pipeline on C:\Users\LEONA\Documents\GitHub\cocoa_volatility\REPORTE_DE_EVENTOS_POR_DESASTRES_NATURALES_Y_ANTRÓPICOS_(Histórico)_20260415.csv
2026-04-15 18:46:31,705 | INFO | v2_disaster_pipeline | cleaned_registry shape: rows=970 columns=63
2026-04-15 18:46:31,842 | INFO | v2_disaster_pipeline | translated_registry shape: rows=970 columns=73
2026-04-15 18:46:48,288 | INFO | v2_disaster_pipeline | Running v2 pipeline on C:\Users\LEONA\Documents\GitHub\cocoa_volatility\REPORTE_DE_EVENTOS_POR_DESASTRES_NATURALES_Y_ANTRÓPICOS_(Histórico)_20260415.csv
2026-04-15 18:46:48,460 | INFO | v2_disaster_pipeline | cleaned_registry shape: rows=970 columns=63
2026-04-15 18:46:48,587 | INFO | v2_disaster_pipeline | translated_registry shape: rows=970 columns=73
2026-04-15 18:46:48,773 | INFO | v2_disaster_pipeline | classified_registry shape: rows=970 columns=78
2026-04-15 18:46:48,882 | INFO | v2_disaster_pipeline | monthly_panel shape: rows=55 columns=23
2026-04-15 18:47:06,285 | INFO | v2_disaster_pipeline | Running v2 pipeline on C:\Users\LEONA\Documents\GitHub\cocoa_volatility\REPORTE_DE_EVENTOS_POR_DESASTRES_NATURALES_Y_ANTRÓPICOS_(Histórico)_20260415.csv
2026-04-15 18:47:06,434 | INFO | v2_disaster_pipeline | cleaned_registry shape: rows=970 columns=63
2026-04-15 18:47:06,566 | INFO | v2_disaster_pipeline | translated_registry shape: rows=970 columns=73
2026-04-15 18:47:06,760 | INFO | v2_disaster_pipeline | classified_registry shape: rows=970 columns=78
2026-04-15 18:47:06,854 | INFO | v2_disaster_pipeline | monthly_panel shape: rows=55 columns=23
2026-04-15 18:47:09,817 | INFO | v2_disaster_pipeline | Completed v2 pipeline using branch=pca_index
2026-04-15 18:47:51,871 | INFO | v2_disaster_pipeline | Running v2 pipeline on C:\Users\LEONA\Documents\GitHub\cocoa_volatility\REPORTE_DE_EVENTOS_POR_DESASTRES_NATURALES_Y_ANTRÓPICOS_(Histórico)_20260415.csv
2026-04-15 18:47:51,976 | INFO | v2_disaster_pipeline | cleaned_registry shape: rows=970 columns=63
2026-04-15 18:47:52,106 | INFO | v2_disaster_pipeline | translated_registry shape: rows=970 columns=73
2026-04-15 18:47:52,305 | INFO | v2_disaster_pipeline | classified_registry shape: rows=970 columns=78
2026-04-15 18:47:52,397 | INFO | v2_disaster_pipeline | monthly_panel shape: rows=55 columns=23
2026-04-15 18:47:55,331 | INFO | v2_disaster_pipeline | Completed v2 pipeline using branch=pca_index
2026-04-15 18:59:43,006 | INFO | v2_disaster_pipeline | Running v2 pipeline on C:\Users\LEONA\Documents\GitHub\cocoa_volatility\REPORTE_DE_EVENTOS_POR_DESASTRES_NATURALES_Y_ANTRÓPICOS_(Histórico)_20260415.csv
2026-04-15 18:59:43,232 | INFO | v2_disaster_pipeline | cleaned_registry shape: rows=970 columns=63
2026-04-15 18:59:43,408 | INFO | v2_disaster_pipeline | translated_registry shape: rows=970 columns=73
2026-04-15 18:59:43,684 | INFO | v2_disaster_pipeline | classified_registry shape: rows=970 columns=78
2026-04-15 18:59:43,815 | INFO | v2_disaster_pipeline | monthly_panel shape: rows=55 columns=23
2026-04-15 19:00:38,340 | INFO | v2_disaster_pipeline | Rendered Pandoc outputs: {'docx': 'C:\\Users\\LEONA\\Documents\\GitHub\\cocoa_volatility\\reports\\v2\\disaster_crisis_report_v2.docx', 'pdf': 'C:\\Users\\LEONA\\Documents\\GitHub\\cocoa_volatility\\reports\\v2\\disaster_crisis_report_v2.pdf'}
2026-04-15 19:00:38,342 | INFO | v2_disaster_pipeline | Completed v2 pipeline using branch=structural_fallback
2026-04-15 19:08:54,959 | INFO | v2_disaster_pipeline | Running v2 pipeline on C:\Users\LEONA\Documents\GitHub\cocoa_volatility\REPORTE_DE_EVENTOS_POR_DESASTRES_NATURALES_Y_ANTRÓPICOS_(Histórico)_20260415.csv
2026-04-15 19:08:55,110 | INFO | v2_disaster_pipeline | cleaned_registry shape: rows=970 columns=63
2026-04-15 19:08:55,280 | INFO | v2_disaster_pipeline | translated_registry shape: rows=970 columns=73
2026-04-15 19:08:55,523 | INFO | v2_disaster_pipeline | classified_registry shape: rows=970 columns=78
2026-04-15 19:08:55,659 | INFO | v2_disaster_pipeline | monthly_panel shape: rows=55 columns=23
2026-04-15 19:09:18,304 | INFO | v2_disaster_pipeline | Rendered Pandoc outputs: {'docx': 'C:\\Users\\LEONA\\Documents\\GitHub\\cocoa_volatility\\reports\\v2\\disaster_crisis_report_v2.docx', 'pdf': 'C:\\Users\\LEONA\\Documents\\GitHub\\cocoa_volatility\\reports\\v2\\disaster_crisis_report_v2.pdf'}
2026-04-15 19:09:18,306 | INFO | v2_disaster_pipeline | Completed v2 pipeline using branch=pca_index
2026-04-15 19:20:27,671 | INFO | v2_disaster_pipeline | Running v2 pipeline on C:\Users\LEONA\Documents\GitHub\cocoa_volatility\REPORTE_DE_EVENTOS_POR_DESASTRES_NATURALES_Y_ANTRÓPICOS_(Histórico)_20260415.csv
2026-04-15 19:20:27,814 | INFO | v2_disaster_pipeline | cleaned_registry shape: rows=970 columns=63
2026-04-15 19:20:27,953 | INFO | v2_disaster_pipeline | translated_registry shape: rows=970 columns=73
2026-04-15 19:20:28,244 | INFO | v2_disaster_pipeline | classified_registry shape: rows=970 columns=78
2026-04-15 19:20:28,372 | INFO | v2_disaster_pipeline | monthly_panel shape: rows=55 columns=23
2026-04-15 19:22:44,644 | INFO | v2_disaster_pipeline | Running v2 pipeline on C:\Users\LEONA\Documents\GitHub\cocoa_volatility\REPORTE_DE_EVENTOS_POR_DESASTRES_NATURALES_Y_ANTRÓPICOS_(Histórico)_20260415.csv
2026-04-15 19:22:44,812 | INFO | v2_disaster_pipeline | cleaned_registry shape: rows=970 columns=63
2026-04-15 19:22:44,958 | INFO | v2_disaster_pipeline | translated_registry shape: rows=970 columns=73
2026-04-15 19:22:45,325 | INFO | v2_disaster_pipeline | classified_registry shape: rows=970 columns=78
2026-04-15 19:22:45,510 | INFO | v2_disaster_pipeline | monthly_panel shape: rows=55 columns=23
2026-04-15 19:23:10,092 | INFO | v2_disaster_pipeline | Rendered Pandoc outputs: {'docx': 'C:\\Users\\LEONA\\Documents\\GitHub\\cocoa_volatility\\reports\\v2\\disaster_crisis_report_v2.docx', 'pdf': 'C:\\Users\\LEONA\\Documents\\GitHub\\cocoa_volatility\\reports\\v2\\disaster_crisis_report_v2.pdf'}
2026-04-15 19:23:10,094 | INFO | v2_disaster_pipeline | Completed v2 pipeline using branch=pca_index
2026-04-15 19:28:26,473 | INFO | v2_disaster_pipeline | Running v2 pipeline on C:\Users\LEONA\Documents\GitHub\cocoa_volatility\REPORTE_DE_EVENTOS_POR_DESASTRES_NATURALES_Y_ANTRÓPICOS_(Histórico)_20260415.csv
2026-04-15 19:28:26,604 | INFO | v2_disaster_pipeline | cleaned_registry shape: rows=970 columns=63
2026-04-15 19:28:26,737 | INFO | v2_disaster_pipeline | translated_registry shape: rows=970 columns=73
2026-04-15 19:28:26,983 | INFO | v2_disaster_pipeline | classified_registry shape: rows=970 columns=78
2026-04-15 19:28:27,106 | INFO | v2_disaster_pipeline | monthly_panel shape: rows=55 columns=23
2026-04-15 19:28:48,186 | INFO | v2_disaster_pipeline | Rendered Pandoc outputs: {'docx': 'C:\\Users\\LEONA\\Documents\\GitHub\\cocoa_volatility\\reports\\v2\\disaster_crisis_report_v2.docx', 'pdf': 'C:\\Users\\LEONA\\Documents\\GitHub\\cocoa_volatility\\reports\\v2\\disaster_crisis_report_v2.pdf'}
2026-04-15 19:28:48,187 | INFO | v2_disaster_pipeline | Completed v2 pipeline using branch=pca_index
2026-04-15 19:30:14,248 | INFO | v2_disaster_pipeline | Running v2 pipeline on C:\Users\LEONA\Documents\GitHub\cocoa_volatility\REPORTE_DE_EVENTOS_POR_DESASTRES_NATURALES_Y_ANTRÓPICOS_(Histórico)_20260415.csv
2026-04-15 19:30:14,388 | INFO | v2_disaster_pipeline | cleaned_registry shape: rows=970 columns=63
2026-04-15 19:30:14,528 | INFO | v2_disaster_pipeline | translated_registry shape: rows=970 columns=73
2026-04-15 19:30:47,901 | INFO | v2_disaster_pipeline | Running v2 pipeline on C:\Users\LEONA\Documents\GitHub\cocoa_volatility\REPORTE_DE_EVENTOS_POR_DESASTRES_NATURALES_Y_ANTRÓPICOS_(Histórico)_20260415.csv
2026-04-15 19:30:48,059 | INFO | v2_disaster_pipeline | cleaned_registry shape: rows=970 columns=63
2026-04-15 19:30:48,266 | INFO | v2_disaster_pipeline | translated_registry shape: rows=970 columns=73
2026-04-15 19:30:48,558 | INFO | v2_disaster_pipeline | classified_registry shape: rows=594 columns=78
2026-04-15 19:30:48,651 | INFO | v2_disaster_pipeline | monthly_panel shape: rows=36 columns=23
2026-04-15 19:31:09,955 | INFO | v2_disaster_pipeline | Rendered Pandoc outputs: {'docx': 'C:\\Users\\LEONA\\Documents\\GitHub\\cocoa_volatility\\reports\\v2\\disaster_crisis_report_v2.docx', 'pdf': 'C:\\Users\\LEONA\\Documents\\GitHub\\cocoa_volatility\\reports\\v2\\disaster_crisis_report_v2.pdf'}
2026-04-15 19:31:09,956 | INFO | v2_disaster_pipeline | Completed v2 pipeline using branch=pca_index
2026-04-15 19:33:51,437 | INFO | v2_disaster_pipeline | Running v2 pipeline on C:\Users\LEONA\Documents\GitHub\cocoa_volatility\REPORTE_DE_EVENTOS_POR_DESASTRES_NATURALES_Y_ANTRÓPICOS_(Histórico)_20260415.csv
2026-04-15 19:33:51,615 | INFO | v2_disaster_pipeline | cleaned_registry shape: rows=970 columns=63
2026-04-15 19:33:51,783 | INFO | v2_disaster_pipeline | translated_registry shape: rows=970 columns=73
2026-04-15 19:33:52,105 | INFO | v2_disaster_pipeline | classified_registry shape: rows=594 columns=78
2026-04-15 19:33:52,224 | INFO | v2_disaster_pipeline | monthly_panel shape: rows=36 columns=23
2026-04-15 19:34:14,673 | INFO | v2_disaster_pipeline | Rendered Pandoc outputs: {'docx': 'C:\\Users\\LEONA\\Documents\\GitHub\\cocoa_volatility\\reports\\v2\\disaster_crisis_report_v2.docx', 'pdf': 'C:\\Users\\LEONA\\Documents\\GitHub\\cocoa_volatility\\reports\\v2\\disaster_crisis_report_v2.pdf'}
2026-04-15 19:34:14,674 | INFO | v2_disaster_pipeline | Completed v2 pipeline using branch=pca_index
2026-04-15 19:35:13,563 | INFO | v2_disaster_pipeline | Running v2 pipeline on C:\Users\LEONA\Documents\GitHub\cocoa_volatility\REPORTE_DE_EVENTOS_POR_DESASTRES_NATURALES_Y_ANTRÓPICOS_(Histórico)_20260415.csv
2026-04-15 19:35:13,740 | INFO | v2_disaster_pipeline | cleaned_registry shape: rows=970 columns=63
2026-04-15 19:35:13,952 | INFO | v2_disaster_pipeline | translated_registry shape: rows=970 columns=73
2026-04-15 19:35:14,264 | INFO | v2_disaster_pipeline | classified_registry shape: rows=594 columns=78
2026-04-15 19:35:14,363 | INFO | v2_disaster_pipeline | monthly_panel shape: rows=36 columns=23
2026-04-15 19:35:37,294 | INFO | v2_disaster_pipeline | Rendered Pandoc outputs: {'docx': 'C:\\Users\\LEONA\\Documents\\GitHub\\cocoa_volatility\\reports\\v2\\disaster_crisis_report_v2.docx', 'pdf': 'C:\\Users\\LEONA\\Documents\\GitHub\\cocoa_volatility\\reports\\v2\\disaster_crisis_report_v2.pdf'}
2026-04-15 19:35:37,296 | INFO | v2_disaster_pipeline | Completed v2 pipeline using branch=pca_index
2026-04-15 19:40:04,033 | INFO | v2_disaster_pipeline | Running v2 pipeline on C:\Users\LEONA\Documents\GitHub\cocoa_volatility\REPORTE_DE_EVENTOS_POR_DESASTRES_NATURALES_Y_ANTRÓPICOS_(Histórico)_20260415.csv
2026-04-15 19:40:04,194 | INFO | v2_disaster_pipeline | cleaned_registry shape: rows=970 columns=63
2026-04-15 19:40:04,474 | INFO | v2_disaster_pipeline | translated_registry shape: rows=970 columns=73
2026-04-15 19:40:04,784 | INFO | v2_disaster_pipeline | classified_registry shape: rows=594 columns=78
2026-04-15 19:40:04,886 | INFO | v2_disaster_pipeline | monthly_panel shape: rows=36 columns=23
2026-04-15 19:40:22,545 | INFO | v2_disaster_pipeline | Rendered Pandoc outputs: {'docx': 'C:\\Users\\LEONA\\Documents\\GitHub\\cocoa_volatility\\reports\\v2\\disaster_crisis_report_v2.docx', 'pdf': 'C:\\Users\\LEONA\\Documents\\GitHub\\cocoa_volatility\\reports\\v2\\disaster_crisis_report_v2.pdf'}
2026-04-15 19:40:22,548 | INFO | v2_disaster_pipeline | Completed v2 pipeline using branch=pca_index
2026-04-16 09:21:33,657 | INFO | v2_disaster_pipeline | Running v2 pipeline on C:\Users\LEONA\Documents\GitHub\cocoa_volatility\REPORTE_DE_EVENTOS_POR_DESASTRES_NATURALES_Y_ANTRÓPICOS_(Histórico)_20260415.csv
2026-04-16 09:21:33,826 | INFO | v2_disaster_pipeline | cleaned_registry shape: rows=970 columns=63
2026-04-16 09:21:33,934 | INFO | v2_disaster_pipeline | translated_registry shape: rows=970 columns=73
2026-04-16 09:21:34,161 | INFO | v2_disaster_pipeline | classified_registry shape: rows=594 columns=78
2026-04-16 09:21:34,240 | INFO | v2_disaster_pipeline | monthly_panel shape: rows=36 columns=23
2026-04-16 09:21:58,913 | INFO | v2_disaster_pipeline | Running v2 pipeline on C:\Users\LEONA\Documents\GitHub\cocoa_volatility\REPORTE_DE_EVENTOS_POR_DESASTRES_NATURALES_Y_ANTRÓPICOS_(Histórico)_20260415.csv
2026-04-16 09:21:59,080 | INFO | v2_disaster_pipeline | cleaned_registry shape: rows=970 columns=63
2026-04-16 09:21:59,231 | INFO | v2_disaster_pipeline | translated_registry shape: rows=970 columns=73
2026-04-16 09:21:59,514 | INFO | v2_disaster_pipeline | classified_registry shape: rows=594 columns=78
2026-04-16 09:21:59,612 | INFO | v2_disaster_pipeline | monthly_panel shape: rows=36 columns=23
2026-04-16 09:22:02,356 | INFO | v2_disaster_pipeline | Exported V3 integrated panel with disaster_pressure indicator.
2026-04-16 09:22:35,438 | INFO | v2_disaster_pipeline | Running v2 pipeline on C:\Users\LEONA\Documents\GitHub\cocoa_volatility\REPORTE_DE_EVENTOS_POR_DESASTRES_NATURALES_Y_ANTRÓPICOS_(Histórico)_20260415.csv
2026-04-16 09:22:35,619 | INFO | v2_disaster_pipeline | cleaned_registry shape: rows=970 columns=63
2026-04-16 09:22:35,777 | INFO | v2_disaster_pipeline | translated_registry shape: rows=970 columns=73
2026-04-16 09:22:36,081 | INFO | v2_disaster_pipeline | classified_registry shape: rows=594 columns=78
2026-04-16 09:22:36,184 | INFO | v2_disaster_pipeline | monthly_panel shape: rows=36 columns=23
2026-04-16 09:22:38,846 | INFO | v2_disaster_pipeline | Exported V3 integrated panel with disaster_pressure indicator.
2026-04-16 09:22:40,520 | INFO | v2_disaster_pipeline | Generated V3 integrated visualizations.
2026-04-16 09:25:02,549 | INFO | v2_disaster_pipeline | Running v2 pipeline on C:\Users\LEONA\Documents\GitHub\cocoa_volatility\REPORTE_DE_EVENTOS_POR_DESASTRES_NATURALES_Y_ANTRÓPICOS_(Histórico)_20260415.csv
2026-04-16 09:25:02,725 | INFO | v2_disaster_pipeline | cleaned_registry shape: rows=970 columns=63
2026-04-16 09:25:02,853 | INFO | v2_disaster_pipeline | translated_registry shape: rows=970 columns=73
2026-04-16 09:25:03,099 | INFO | v2_disaster_pipeline | classified_registry shape: rows=594 columns=78
2026-04-16 09:25:03,198 | INFO | v2_disaster_pipeline | monthly_panel shape: rows=36 columns=23
2026-04-16 09:25:06,054 | INFO | v2_disaster_pipeline | Exported V3 integrated panel with disaster_pressure indicator.
2026-04-16 09:25:07,420 | INFO | v2_disaster_pipeline | Generated V3 integrated visualizations.
2026-04-16 09:25:24,111 | INFO | v2_disaster_pipeline | Rendered Pandoc outputs: {'docx': 'C:\\Users\\LEONA\\Documents\\GitHub\\cocoa_volatility\\reports\\v2\\disaster_crisis_report_v2.docx', 'pdf': 'C:\\Users\\LEONA\\Documents\\GitHub\\cocoa_volatility\\reports\\v2\\disaster_crisis_report_v2.pdf'}
2026-04-16 09:25:24,112 | INFO | v2_disaster_pipeline | Completed v2 pipeline using branch=pca_index
2026-04-16 09:28:28,625 | INFO | v2_disaster_pipeline | Running v2 pipeline on C:\Users\LEONA\Documents\GitHub\cocoa_volatility\REPORTE_DE_EVENTOS_POR_DESASTRES_NATURALES_Y_ANTRÓPICOS_(Histórico)_20260415.csv
2026-04-16 09:28:28,736 | INFO | v2_disaster_pipeline | cleaned_registry shape: rows=970 columns=63
2026-04-16 09:28:28,838 | INFO | v2_disaster_pipeline | translated_registry shape: rows=970 columns=73
2026-04-16 09:28:29,069 | INFO | v2_disaster_pipeline | classified_registry shape: rows=594 columns=78
2026-04-16 09:28:29,142 | INFO | v2_disaster_pipeline | monthly_panel shape: rows=36 columns=23
2026-04-16 09:28:31,150 | INFO | v2_disaster_pipeline | Exported V3 integrated panel with disaster_pressure indicator.
2026-04-16 09:28:33,077 | INFO | v2_disaster_pipeline | Generated V3 integrated information figures.
2026-04-16 09:28:33,077 | INFO | v2_disaster_pipeline | Generated V3 integrated visualizations.
2026-04-16 09:28:49,724 | INFO | v2_disaster_pipeline | Rendered Pandoc outputs: {'docx': 'C:\\Users\\LEONA\\Documents\\GitHub\\cocoa_volatility\\reports\\v2\\disaster_crisis_report_v2.docx', 'pdf': 'C:\\Users\\LEONA\\Documents\\GitHub\\cocoa_volatility\\reports\\v2\\disaster_crisis_report_v2.pdf'}
2026-04-16 09:28:49,725 | INFO | v2_disaster_pipeline | Completed v2 pipeline using branch=pca_index
2026-04-16 10:11:49,927 | INFO | v2_disaster_pipeline | Running v2 pipeline on C:\Users\LEONA\Documents\GitHub\cocoa_volatility\REPORTE_DE_EVENTOS_POR_DESASTRES_NATURALES_Y_ANTRÓPICOS_(Histórico)_20260415.csv
2026-04-16 10:11:50,067 | INFO | v2_disaster_pipeline | cleaned_registry shape: rows=970 columns=63
2026-04-16 10:11:50,201 | INFO | v2_disaster_pipeline | translated_registry shape: rows=970 columns=73
2026-04-16 10:11:50,430 | INFO | v2_disaster_pipeline | classified_registry shape: rows=594 columns=78
2026-04-16 10:11:50,516 | INFO | v2_disaster_pipeline | monthly_panel shape: rows=36 columns=23
2026-04-16 10:11:52,850 | INFO | v2_disaster_pipeline | Exported V3 integrated panel with disaster_pressure indicator.
2026-04-16 10:11:54,900 | INFO | v2_disaster_pipeline | Generated V3 integrated information figures.
2026-04-16 10:11:54,900 | INFO | v2_disaster_pipeline | Generated V3 integrated visualizations.
2026-04-16 10:12:12,362 | INFO | v2_disaster_pipeline | Rendered Pandoc outputs: {'docx': 'C:\\Users\\LEONA\\Documents\\GitHub\\cocoa_volatility\\reports\\v2\\disaster_crisis_report_v2.docx', 'pdf': 'C:\\Users\\LEONA\\Documents\\GitHub\\cocoa_volatility\\reports\\v2\\disaster_crisis_report_v2.pdf'}
2026-04-16 10:12:12,363 | INFO | v2_disaster_pipeline | Completed v2 pipeline using branch=pca_index
2026-04-16 10:13:51,805 | INFO | v2_disaster_pipeline | Running v2 pipeline on C:\Users\LEONA\Documents\GitHub\cocoa_volatility\REPORTE_DE_EVENTOS_POR_DESASTRES_NATURALES_Y_ANTRÓPICOS_(Histórico)_20260415.csv
2026-04-16 10:13:51,996 | INFO | v2_disaster_pipeline | cleaned_registry shape: rows=970 columns=63
2026-04-16 10:13:52,140 | INFO | v2_disaster_pipeline | translated_registry shape: rows=970 columns=73
2026-04-16 10:13:52,396 | INFO | v2_disaster_pipeline | classified_registry shape: rows=594 columns=78
2026-04-16 10:13:52,483 | INFO | v2_disaster_pipeline | monthly_panel shape: rows=36 columns=23
2026-04-16 10:13:54,853 | INFO | v2_disaster_pipeline | Exported V3 integrated panel with disaster_pressure indicator.
2026-04-16 10:13:56,976 | INFO | v2_disaster_pipeline | Generated V3 integrated information figures.
2026-04-16 10:13:56,976 | INFO | v2_disaster_pipeline | Generated V3 integrated visualizations.
2026-04-16 10:14:15,229 | INFO | v2_disaster_pipeline | Rendered Pandoc outputs: {'docx': 'C:\\Users\\LEONA\\Documents\\GitHub\\cocoa_volatility\\reports\\v2\\disaster_crisis_report_v2.docx', 'pdf': 'C:\\Users\\LEONA\\Documents\\GitHub\\cocoa_volatility\\reports\\v2\\disaster_crisis_report_v2.pdf', 'tex': 'C:\\Users\\LEONA\\Documents\\GitHub\\cocoa_volatility\\reports\\v2\\disaster_crisis_report_v2.tex'}
2026-04-16 10:14:15,231 | INFO | v2_disaster_pipeline | Completed v2 pipeline using branch=pca_index
2026-04-16 10:28:19,442 | INFO | v2_disaster_pipeline | Running v2 pipeline on C:\Users\LEONA\Documents\GitHub\cocoa_volatility\REPORTE_DE_EVENTOS_POR_DESASTRES_NATURALES_Y_ANTRÓPICOS_(Histórico)_20260415.csv
2026-04-16 10:28:19,590 | INFO | v2_disaster_pipeline | cleaned_registry shape: rows=970 columns=63
2026-04-16 10:28:19,711 | INFO | v2_disaster_pipeline | translated_registry shape: rows=970 columns=73
2026-04-16 10:28:19,977 | INFO | v2_disaster_pipeline | classified_registry shape: rows=594 columns=78
2026-04-16 10:28:20,066 | INFO | v2_disaster_pipeline | monthly_panel shape: rows=36 columns=23
2026-04-16 10:30:28,890 | INFO | v2_disaster_pipeline | Running v2 pipeline on C:\Users\LEONA\Documents\GitHub\cocoa_volatility\REPORTE_DE_EVENTOS_POR_DESASTRES_NATURALES_Y_ANTRÓPICOS_(Histórico)_20260415.csv
2026-04-16 10:30:29,017 | INFO | v2_disaster_pipeline | cleaned_registry shape: rows=970 columns=63
2026-04-16 10:30:29,117 | INFO | v2_disaster_pipeline | translated_registry shape: rows=970 columns=73
2026-04-16 10:30:29,355 | INFO | v2_disaster_pipeline | classified_registry shape: rows=594 columns=78
2026-04-16 10:30:29,429 | INFO | v2_disaster_pipeline | monthly_panel shape: rows=36 columns=23
2026-04-16 10:30:31,476 | INFO | v2_disaster_pipeline | Exported V3 integrated panel with disaster_pressure indicator.
2026-04-16 10:30:46,533 | INFO | v2_disaster_pipeline | Running v2 pipeline on C:\Users\LEONA\Documents\GitHub\cocoa_volatility\REPORTE_DE_EVENTOS_POR_DESASTRES_NATURALES_Y_ANTRÓPICOS_(Histórico)_20260415.csv
2026-04-16 10:30:46,644 | INFO | v2_disaster_pipeline | cleaned_registry shape: rows=970 columns=63
2026-04-16 10:30:46,739 | INFO | v2_disaster_pipeline | translated_registry shape: rows=970 columns=73
2026-04-16 10:30:46,947 | INFO | v2_disaster_pipeline | classified_registry shape: rows=594 columns=78
2026-04-16 10:30:47,020 | INFO | v2_disaster_pipeline | monthly_panel shape: rows=36 columns=23
2026-04-16 10:30:49,059 | INFO | v2_disaster_pipeline | Exported V3 integrated panel with disaster_pressure indicator.
2026-04-16 10:30:52,616 | INFO | v2_disaster_pipeline | Generated V3 integrated information and synthesis figures.
2026-04-16 10:30:52,616 | INFO | v2_disaster_pipeline | Generated V3 integrated visualizations.
2026-04-16 10:31:10,348 | INFO | v2_disaster_pipeline | Rendered Pandoc outputs: {'docx': 'C:\\Users\\LEONA\\Documents\\GitHub\\cocoa_volatility\\reports\\v2\\disaster_crisis_report_v2.docx', 'pdf': 'C:\\Users\\LEONA\\Documents\\GitHub\\cocoa_volatility\\reports\\v2\\disaster_crisis_report_v2.pdf', 'tex': 'C:\\Users\\LEONA\\Documents\\GitHub\\cocoa_volatility\\reports\\v2\\disaster_crisis_report_v2.tex'}
2026-04-16 10:31:10,349 | INFO | v2_disaster_pipeline | Completed v2 pipeline using branch=pca_index
